 00:00 Africa/Abidjan
 00:00 Africa/Accra
+03:00 Africa/Addis_Ababa
+01:00 Africa/Algiers
+03:00 Africa/Asmara
 00:00 Africa/Bamako
+01:00 Africa/Bangui
 00:00 Africa/Banjul
 00:00 Africa/Bissau
+02:00 Africa/Blantyre
+01:00 Africa/Brazzaville
+02:00 Africa/Bujumbura
+02:00 Africa/Cairo
 00:00 Africa/Casablanca
+01:00 Africa/Ceuta
 00:00 Africa/Conakry
 00:00 Africa/Dakar
+03:00 Africa/Dar_es_Salaam
+03:00 Africa/Djibouti
+01:00 Africa/Douala
 00:00 Africa/El_Aaiun
 00:00 Africa/Freetown
+02:00 Africa/Gaborone
+02:00 Africa/Harare
+02:00 Africa/Johannesburg
+03:00 Africa/Kampala
+03:00 Africa/Khartoum
+02:00 Africa/Kigali
+01:00 Africa/Kinshasa
+01:00 Africa/Lagos
+01:00 Africa/Libreville
 00:00 Africa/Lome
+01:00 Africa/Luanda
+02:00 Africa/Lubumbashi
+02:00 Africa/Lusaka
+01:00 Africa/Malabo
+02:00 Africa/Maputo
+02:00 Africa/Maseru
+02:00 Africa/Mbabane
+03:00 Africa/Mogadishu
 00:00 Africa/Monrovia
+03:00 Africa/Nairobi
+01:00 Africa/Ndjamena
+01:00 Africa/Niamey
 00:00 Africa/Nouakchott
 00:00 Africa/Ouagadougou
+01:00 Africa/Porto-Novo
 00:00 Africa/Sao_Tome
+02:00 Africa/Tripoli
+01:00 Africa/Tunis
+01:00 Africa/Windhoek
-10:00 America/Adak
-09:00 America/Anchorage
-04:00 America/Anguilla
-04:00 America/Antigua
-03:00 America/Araguaina
-03:00 America/Argentina/Buenos_Aires
-03:00 America/Argentina/Catamarca
-03:00 America/Argentina/Cordoba
-03:00 America/Argentina/Jujuy
-03:00 America/Argentina/La_Rioja
-03:00 America/Argentina/Mendoza
-03:00 America/Argentina/Rio_Gallegos
-03:00 America/Argentina/San_Juan
-03:00 America/Argentina/Tucuman
-03:00 America/Argentina/Ushuaia
-04:00 America/Aruba
-04:00 America/Asuncion
-05:00 America/Atikokan
-03:00 America/Bahia
-04:00 America/Barbados
-03:00 America/Belem
-06:00 America/Belize
-04:00 America/Blanc-Sablon
-04:00 America/Boa_Vista
-05:00 America/Bogota
-07:00 America/Boise
-07:00 America/Cambridge_Bay
-04:00 America/Campo_Grande
-06:00 America/Cancun
-04:30 America/Caracas
-03:00 America/Cayenne
-05:00 America/Cayman
-06:00 America/Chicago
-07:00 America/Chihuahua
-06:00 America/Costa_Rica
-04:00 America/Cuiaba
-04:00 America/Curacao
 00:00 America/Danmarkshavn
-08:00 America/Dawson
-07:00 America/Dawson_Creek
-07:00 America/Denver
-05:00 America/Detroit
-04:00 America/Dominica
-07:00 America/Edmonton
-04:00 America/Eirunepe
-06:00 America/El_Salvador
-03:00 America/Fortaleza
-04:00 America/Glace_Bay
-03:00 America/Godthab
-04:00 America/Goose_Bay
-05:00 America/Grand_Turk
-04:00 America/Grenada
-04:00 America/Guadeloupe
-06:00 America/Guatemala
-05:00 America/Guayaquil
-04:00 America/Guyana
-04:00 America/Halifax
-05:00 America/Havana
-07:00 America/Hermosillo
-05:00 America/Indiana/Indianapolis
-06:00 America/Indiana/Knox
-05:00 America/Indiana/Marengo
-05:00 America/Indiana/Petersburg
-06:00 America/Indiana/Tell_City
-05:00 America/Indiana/Vevay
-05:00 America/Indiana/Vincennes
-05:00 America/Indiana/Winamac
-07:00 America/Inuvik
-05:00 America/Iqaluit
-05:00 America/Jamaica
-09:00 America/Juneau
-05:00 America/Kentucky/Louisville
-05:00 America/Kentucky/Monticello
-04:00 America/La_Paz
-05:00 America/Lima
-08:00 America/Los_Angeles
-03:00 America/Maceio
-06:00 America/Managua
-04:00 America/Manaus
-04:00 America/Martinique
-07:00 America/Mazatlan
-06:00 America/Menominee
-06:00 America/Merida
-06:00 America/Mexico_City
-03:00 America/Miquelon
-04:00 America/Moncton
-06:00 America/Monterrey
-03:00 America/Montevideo
-05:00 America/Montreal
-04:00 America/Montserrat
-04:00 America/Nassau
-05:00 America/New_York
-05:00 America/Nipigon
-09:00 America/Nome
-02:00 America/Noronha
-06:00 America/North_Dakota/Center
-06:00 America/North_Dakota/New_Salem
-05:00 America/Panama
-05:00 America/Pangnirtung
-03:00 America/Paramaribo
-07:00 America/Phoenix
-05:00 America/Port-au-Prince
-04:00 America/Port_of_Spain
-04:00 America/Porto_Velho
-04:00 America/Puerto_Rico
-06:00 America/Rainy_River
-06:00 America/Rankin_Inlet
-03:00 America/Recife
-06:00 America/Regina
-05:00 America/Resolute
-04:00 America/Rio_Branco
-04:00 America/Santiago
-04:00 America/Santo_Domingo
-03:00 America/Sao_Paulo
-01:00 America/Scoresbysund
-07:00 America/Shiprock
-03:30 America/St_Johns
-04:00 America/St_Kitts
-04:00 America/St_Lucia
-04:00 America/St_Thomas
-04:00 America/St_Vincent
-06:00 America/Swift_Current
-06:00 America/Tegucigalpa
-04:00 America/Thule
-05:00 America/Thunder_Bay
-08:00 America/Tijuana
-05:00 America/Toronto
-04:00 America/Tortola
-08:00 America/Vancouver
-08:00 America/Whitehorse
-06:00 America/Winnipeg
-09:00 America/Yakutat
-07:00 America/Yellowknife
+03:00 Asia/Aden
+06:00 Asia/Almaty
+02:00 Asia/Amman
+12:00 Asia/Anadyr
+05:00 Asia/Aqtau
+05:00 Asia/Aqtobe
+05:00 Asia/Ashgabat
+03:00 Asia/Baghdad
+03:00 Asia/Bahrain
+04:00 Asia/Baku
+07:00 Asia/Bangkok
+02:00 Asia/Beirut
+06:00 Asia/Bishkek
+08:00 Asia/Brunei
+08:00 Asia/Choibalsan
+08:00 Asia/Chongqing
+05:30 Asia/Colombo
+02:00 Asia/Damascus
+06:00 Asia/Dhaka
+09:00 Asia/Dili
+04:00 Asia/Dubai
+05:00 Asia/Dushanbe
+02:00 Asia/Gaza
+08:00 Asia/Harbin
+08:00 Asia/Hong_Kong
+07:00 Asia/Hovd
+08:00 Asia/Irkutsk
+02:00 Asia/Istanbul
+07:00 Asia/Jakarta
+09:00 Asia/Jayapura
+02:00 Asia/Jerusalem
+04:30 Asia/Kabul
+12:00 Asia/Kamchatka
+06:00 Asia/Karachi
+08:00 Asia/Kashgar
+05:45 Asia/Katmandu
+07:00 Asia/Krasnoyarsk
+08:00 Asia/Kuala_Lumpur
+08:00 Asia/Kuching
+03:00 Asia/Kuwait
+08:00 Asia/Macau
+11:00 Asia/Magadan
+08:00 Asia/Makassar
+08:00 Asia/Manila
+04:00 Asia/Muscat
+02:00 Asia/Nicosia
+06:00 Asia/Novosibirsk
+06:00 Asia/Omsk
+05:00 Asia/Oral
+07:00 Asia/Phnom_Penh
+07:00 Asia/Pontianak
+09:00 Asia/Pyongyang
+03:00 Asia/Qatar
+06:00 Asia/Qyzylorda
+06:30 Asia/Rangoon
+03:00 Asia/Riyadh
+10:00 Asia/Sakhalin
+05:00 Asia/Samarkand
+09:00 Asia/Seoul
+08:00 Asia/Shanghai
+08:00 Asia/Singapore
+08:00 Asia/Taipei
+05:00 Asia/Tashkent
+04:00 Asia/Tbilisi
+03:30 Asia/Tehran
+02:00 Asia/Tel_Aviv
+06:00 Asia/Thimphu
+09:00 Asia/Tokyo
+08:00 Asia/Ulaanbaatar
+08:00 Asia/Urumqi
+07:00 Asia/Vientiane
+10:00 Asia/Vladivostok
+09:00 Asia/Yakutsk
+05:00 Asia/Yekaterinburg
+04:00 Asia/Yerevan
-01:00 Atlantic/Azores
-04:00 Atlantic/Bermuda
 00:00 Atlantic/Canary
-01:00 Atlantic/Cape_Verde
 00:00 Atlantic/Faroe
 00:00 Atlantic/Madeira
 00:00 Atlantic/Reykjavik
-02:00 Atlantic/South_Georgia
 00:00 Atlantic/St_Helena
-04:00 Atlantic/Stanley
+09:30 Australia/Adelaide
+10:00 Australia/Brisbane
+09:30 Australia/Broken_Hill
+10:00 Australia/Currie
+09:30 Australia/Darwin
+08:45 Australia/Eucla
+10:00 Australia/Hobart
+10:00 Australia/Lindeman
+10:30 Australia/Lord_Howe
+10:00 Australia/Melbourne
+08:00 Australia/Perth
+10:00 Australia/Sydney
+01:00 Europe/Amsterdam
+01:00 Europe/Andorra
+02:00 Europe/Athens
+01:00 Europe/Belgrade
+01:00 Europe/Berlin
+01:00 Europe/Bratislava
+01:00 Europe/Brussels
+02:00 Europe/Bucharest
+01:00 Europe/Budapest
+02:00 Europe/Chisinau
+01:00 Europe/Copenhagen
 00:00 Europe/Dublin
+01:00 Europe/Gibraltar
 00:00 Europe/Guernsey
+02:00 Europe/Helsinki
 00:00 Europe/Isle_of_Man
+02:00 Europe/Istanbul
 00:00 Europe/Jersey
+02:00 Europe/Kaliningrad
+02:00 Europe/Kiev
 00:00 Europe/Lisbon
+01:00 Europe/Ljubljana
 00:00 Europe/London
+01:00 Europe/Luxembourg
+01:00 Europe/Madrid
+01:00 Europe/Malta
+02:00 Europe/Mariehamn
+02:00 Europe/Minsk
+01:00 Europe/Monaco
+03:00 Europe/Moscow
+01:00 Europe/Oslo
+01:00 Europe/Paris
+01:00 Europe/Podgorica
+01:00 Europe/Prague
+02:00 Europe/Riga
+01:00 Europe/Rome
+04:00 Europe/Samara
+01:00 Europe/San_Marino
+01:00 Europe/Sarajevo
+02:00 Europe/Simferopol
+01:00 Europe/Skopje
+02:00 Europe/Sofia
+01:00 Europe/Stockholm
+02:00 Europe/Tallinn
+01:00 Europe/Tirane
+02:00 Europe/Tiraspol
+02:00 Europe/Uzhgorod
+01:00 Europe/Vaduz
+01:00 Europe/Vatican
+01:00 Europe/Vienna
+02:00 Europe/Vilnius
+03:00 Europe/Volgograd
+01:00 Europe/Warsaw
+01:00 Europe/Zagreb
+02:00 Europe/Zaporozhye
+01:00 Europe/Zurich
+03:00 Indian/Antananarivo
+06:00 Indian/Chagos
+07:00 Indian/Christmas
+06:30 Indian/Cocos
+03:00 Indian/Comoro
+05:00 Indian/Kerguelen
+04:00 Indian/Mahe
+05:00 Indian/Maldives
+04:00 Indian/Mauritius
+03:00 Indian/Mayotte
+04:00 Indian/Reunion
-11:00 Pacific/Apia
+12:00 Pacific/Auckland
+12:45 Pacific/Chatham
-06:00 Pacific/Easter
+11:00 Pacific/Efate
+13:00 Pacific/Enderbury
-10:00 Pacific/Fakaofo
+12:00 Pacific/Fiji
+12:00 Pacific/Funafuti
-06:00 Pacific/Galapagos
-09:00 Pacific/Gambier
+11:00 Pacific/Guadalcanal
+10:00 Pacific/Guam
-10:00 Pacific/Honolulu
-10:00 Pacific/Johnston
+14:00 Pacific/Kiritimati
+11:00 Pacific/Kosrae
+12:00 Pacific/Kwajalein
+12:00 Pacific/Majuro
+09:30 Pacific/Marquesas
-11:00 Pacific/Midway
+12:00 Pacific/Nauru
-11:00 Pacific/Niue
+11:30 Pacific/Norfolk
+11:00 Pacific/Noumea
-11:00 Pacific/Pago_Pago
+09:00 Pacific/Palau
-08:00 Pacific/Pitcairn
+11:00 Pacific/Ponape
+10:00 Pacific/Port_Moresby
-10:00 Pacific/Rarotonga
+10:00 Pacific/Saipan
-10:00 Pacific/Tahiti
+12:00 Pacific/Tarawa
+13:00 Pacific/Tongatapu
+10:00 Pacific/Truk
+12:00 Pacific/Wake
+12:00 Pacific/Wallis
